2026-07-14T00:01:27.212-05:00  INFO 175360 --- [DeporPlaza] [restartedMain] c.S.DeporPlaza.DeporPlazaApplication     : Starting DeporPlazaApplication using Java 21.0.8 with PID 175360 (C:\Users\JOSE-PC\PROYECTOS SPRING\DeporPlaza V1\DeporPlaza\target\classes started by JOSE-PC in C:\Users\JOSE-PC\PROYECTOS SPRING\DeporPlaza V1\DeporPlaza)
2026-07-14T00:01:27.222-05:00 DEBUG 175360 --- [DeporPlaza] [restartedMain] c.S.DeporPlaza.DeporPlazaApplication     : Running with Spring Boot v4.0.6, Spring v7.0.7
2026-07-14T00:01:27.223-05:00  INFO 175360 --- [DeporPlaza] [restartedMain] c.S.DeporPlaza.DeporPlazaApplication     : No active profile set, falling back to 1 default profile: "default"
2026-07-14T00:01:27.284-05:00  INFO 175360 --- [DeporPlaza] [restartedMain] .e.DevToolsPropertyDefaultsPostProcessor : Devtools property defaults active! Set 'spring.devtools.add-properties' to 'false' to disable
2026-07-14T00:01:27.284-05:00  INFO 175360 --- [DeporPlaza] [restartedMain] .e.DevToolsPropertyDefaultsPostProcessor : For additional web related logging consider setting the 'logging.level.web' property to 'DEBUG'
2026-07-14T00:01:27.969-05:00  INFO 175360 --- [DeporPlaza] [restartedMain] .s.d.r.c.RepositoryConfigurationDelegate : Bootstrapping Spring Data JPA repositories in DEFAULT mode.
2026-07-14T00:01:28.037-05:00  INFO 175360 --- [DeporPlaza] [restartedMain] .s.d.r.c.RepositoryConfigurationDelegate : Finished Spring Data repository scanning in 58 ms. Found 6 JPA repository interfaces.
2026-07-14T00:01:28.604-05:00  INFO 175360 --- [DeporPlaza] [restartedMain] o.s.boot.tomcat.TomcatWebServer          : Tomcat initialized with port 8803 (http)
2026-07-14T00:01:28.622-05:00  INFO 175360 --- [DeporPlaza] [restartedMain] o.apache.catalina.core.StandardService   : Starting service [Tomcat]
2026-07-14T00:01:28.622-05:00  INFO 175360 --- [DeporPlaza] [restartedMain] o.apache.catalina.core.StandardEngine    : Starting Servlet engine: [Apache Tomcat/11.0.21]
2026-07-14T00:01:28.670-05:00  INFO 175360 --- [DeporPlaza] [restartedMain] b.w.c.s.WebApplicationContextInitializer : Root WebApplicationContext: initialization completed in 1384 ms
2026-07-14T00:01:28.854-05:00  INFO 175360 --- [DeporPlaza] [restartedMain] org.hibernate.orm.jpa                    : HHH008540: Processing PersistenceUnitInfo [name: default]
2026-07-14T00:01:28.899-05:00  INFO 175360 --- [DeporPlaza] [restartedMain] org.hibernate.orm.core                   : HHH000001: Hibernate ORM core version 7.2.12.Final
2026-07-14T00:01:29.348-05:00  INFO 175360 --- [DeporPlaza] [restartedMain] o.s.o.j.p.SpringPersistenceUnitInfo      : No LoadTimeWeaver setup: ignoring JPA class transformer
2026-07-14T00:01:29.382-05:00  INFO 175360 --- [DeporPlaza] [restartedMain] com.zaxxer.hikari.HikariDataSource       : HikariPool-1 - Starting...
2026-07-14T00:01:29.530-05:00  INFO 175360 --- [DeporPlaza] [restartedMain] com.zaxxer.hikari.pool.HikariPool        : HikariPool-1 - Added connection com.mysql.cj.jdbc.ConnectionImpl@3f81438e
2026-07-14T00:01:29.532-05:00  INFO 175360 --- [DeporPlaza] [restartedMain] com.zaxxer.hikari.HikariDataSource       : HikariPool-1 - Start completed.
2026-07-14T00:01:29.576-05:00  WARN 175360 --- [DeporPlaza] [restartedMain] org.hibernate.orm.core                   : HHH000511: The 5.5.5 version for [org.hibernate.dialect.MySQLDialect] is no longer supported, hence certain features may not work properly.The minimum supported version is 8.0.0. Check the community dialects project for available legacy versions.
2026-07-14T00:01:29.596-05:00  INFO 175360 --- [DeporPlaza] [restartedMain] org.hibernate.orm.connections.pooling    : HHH10001005: Database info:
	Database JDBC URL [jdbc:mysql://localhost:3306/bd_deporplaza]
	Database driver: MySQL Connector/J
	Database dialect: MySQLDialect
	Database version: 5.5.5
	Default catalog/schema: bd_deporplaza/undefined
	Autocommit mode: undefined/unknown
	Isolation level: REPEATABLE_READ [default REPEATABLE_READ]
	JDBC fetch size: none
	Pool: DataSourceConnectionProvider
	Minimum pool size: undefined/unknown
	Maximum pool size: undefined/unknown
2026-07-14T00:01:30.279-05:00  INFO 175360 --- [DeporPlaza] [restartedMain] org.hibernate.orm.core                   : HHH000489: No JTA platform available (set 'hibernate.transaction.jta.platform' to enable JTA platform integration)
2026-07-14T00:01:30.489-05:00  INFO 175360 --- [DeporPlaza] [restartedMain] j.LocalContainerEntityManagerFactoryBean : Initialized JPA EntityManagerFactory for persistence unit 'default'
2026-07-14T00:01:30.559-05:00  INFO 175360 --- [DeporPlaza] [restartedMain] o.s.d.j.r.query.QueryEnhancerFactories   : Hibernate is in classpath; If applicable, HQL parser will be used.
2026-07-14T00:01:31.648-05:00  WARN 175360 --- [DeporPlaza] [restartedMain] JpaBaseConfiguration$JpaWebConfiguration : spring.jpa.open-in-view is enabled by default. Therefore, database queries may be performed during view rendering. Explicitly configure spring.jpa.open-in-view to disable this warning
2026-07-14T00:01:31.744-05:00  INFO 175360 --- [DeporPlaza] [restartedMain] r$InitializeUserDetailsManagerConfigurer : Global AuthenticationManager configured with UserDetailsService bean with name usuarioDetailsService
2026-07-14T00:01:32.036-05:00  INFO 175360 --- [DeporPlaza] [restartedMain] o.s.b.w.a.WelcomePageHandlerMapping      : Adding welcome page template: index
2026-07-14T00:01:32.496-05:00  INFO 175360 --- [DeporPlaza] [restartedMain] o.s.boot.tomcat.TomcatWebServer          : Tomcat started on port 8803 (http) with context path '/'
2026-07-14T00:01:32.504-05:00  INFO 175360 --- [DeporPlaza] [restartedMain] c.S.DeporPlaza.DeporPlazaApplication     : Started DeporPlazaApplication in 5.728 seconds (process running for 6.261)
2026-07-14T00:01:32.578-05:00  INFO 175360 --- [DeporPlaza] [http-nio-8803-exec-1] o.a.c.c.C.[Tomcat].[localhost].[/]       : Initializing Spring DispatcherServlet 'dispatcherServlet'
2026-07-14T00:01:32.578-05:00  INFO 175360 --- [DeporPlaza] [http-nio-8803-exec-1] o.s.web.servlet.DispatcherServlet        : Initializing Servlet 'dispatcherServlet'
2026-07-14T00:01:32.580-05:00  INFO 175360 --- [DeporPlaza] [http-nio-8803-exec-1] o.s.web.servlet.DispatcherServlet        : Completed initialization in 1 ms
2026-07-14T00:09:31.963-05:00  INFO 175360 --- [DeporPlaza] [File Watcher] rtingClassPathChangeChangedEventListener : Restarting due to 1 class path change (0 additions, 0 deletions, 1 modification)
2026-07-14T00:09:31.968-05:00  INFO 175360 --- [DeporPlaza] [Thread-1] o.s.boot.tomcat.GracefulShutdown         : Commencing graceful shutdown. Waiting for active requests to complete
2026-07-14T00:09:31.975-05:00  INFO 175360 --- [DeporPlaza] [tomcat-shutdown] o.s.boot.tomcat.GracefulShutdown         : Graceful shutdown complete
2026-07-14T00:09:31.979-05:00  INFO 175360 --- [DeporPlaza] [Thread-1] j.LocalContainerEntityManagerFactoryBean : Closing JPA EntityManagerFactory for persistence unit 'default'
2026-07-14T00:09:31.983-05:00  INFO 175360 --- [DeporPlaza] [Thread-1] com.zaxxer.hikari.HikariDataSource       : HikariPool-1 - Shutdown initiated...
2026-07-14T00:09:31.989-05:00  INFO 175360 --- [DeporPlaza] [Thread-1] com.zaxxer.hikari.HikariDataSource       : HikariPool-1 - Shutdown completed.
2026-07-14T00:09:32.081-05:00  INFO 175360 --- [DeporPlaza] [restartedMain] c.S.DeporPlaza.DeporPlazaApplication     : Starting DeporPlazaApplication using Java 21.0.8 with PID 175360 (C:\Users\JOSE-PC\PROYECTOS SPRING\DeporPlaza V1\DeporPlaza\target\classes started by JOSE-PC in C:\Users\JOSE-PC\PROYECTOS SPRING\DeporPlaza V1\DeporPlaza)
2026-07-14T00:09:32.082-05:00 DEBUG 175360 --- [DeporPlaza] [restartedMain] c.S.DeporPlaza.DeporPlazaApplication     : Running with Spring Boot v4.0.6, Spring v7.0.7
2026-07-14T00:09:32.082-05:00  INFO 175360 --- [DeporPlaza] [restartedMain] c.S.DeporPlaza.DeporPlazaApplication     : No active profile set, falling back to 1 default profile: "default"
2026-07-14T00:09:32.443-05:00  INFO 175360 --- [DeporPlaza] [restartedMain] .s.d.r.c.RepositoryConfigurationDelegate : Bootstrapping Spring Data JPA repositories in DEFAULT mode.
2026-07-14T00:09:32.481-05:00  INFO 175360 --- [DeporPlaza] [restartedMain] .s.d.r.c.RepositoryConfigurationDelegate : Finished Spring Data repository scanning in 36 ms. Found 6 JPA repository interfaces.
2026-07-14T00:09:32.606-05:00  INFO 175360 --- [DeporPlaza] [restartedMain] o.s.boot.tomcat.TomcatWebServer          : Tomcat initialized with port 8803 (http)
2026-07-14T00:09:32.607-05:00  INFO 175360 --- [DeporPlaza] [restartedMain] o.apache.catalina.core.StandardService   : Starting service [Tomcat]
2026-07-14T00:09:32.608-05:00  INFO 175360 --- [DeporPlaza] [restartedMain] o.apache.catalina.core.StandardEngine    : Starting Servlet engine: [Apache Tomcat/11.0.21]
2026-07-14T00:09:32.634-05:00  INFO 175360 --- [DeporPlaza] [restartedMain] b.w.c.s.WebApplicationContextInitializer : Root WebApplicationContext: initialization completed in 550 ms
2026-07-14T00:09:32.657-05:00  WARN 175360 --- [DeporPlaza] [restartedMain] o.a.c.c.C.[Tomcat].[localhost].[/]       : Cannot deserialize session attribute [SPRING_SECURITY_CONTEXT] for session [BD63A3F5F807DFC74434E30D2F64D31E]
2026-07-14T00:09:32.659-05:00 ERROR 175360 --- [DeporPlaza] [restartedMain] o.a.catalina.session.StandardManager     : Exception loading sessions from persistent storage

java.lang.ClassCastException: class java.io.ObjectStreamClass cannot be cast to class java.lang.String (java.io.ObjectStreamClass and java.lang.String are in module java.base of loader 'bootstrap')
	at java.base/java.io.ObjectInputStream.readTypeString(ObjectInputStream.java:1839) ~[na:na]
	at java.base/java.io.ObjectStreamClass.readNonProxy(ObjectStreamClass.java:709) ~[na:na]
	at java.base/java.io.ObjectInputStream.readClassDescriptor(ObjectInputStream.java:1014) ~[na:na]
	at java.base/java.io.ObjectInputStream.readNonProxyDesc(ObjectInputStream.java:2050) ~[na:na]
	at java.base/java.io.ObjectInputStream.readClassDesc(ObjectInputStream.java:1927) ~[na:na]
	at java.base/java.io.ObjectInputStream.readOrdinaryObject(ObjectInputStream.java:2252) ~[na:na]
	at java.base/java.io.ObjectInputStream.readObject0(ObjectInputStream.java:1762) ~[na:na]
	at java.base/java.io.ObjectInputStream.readObject(ObjectInputStream.java:540) ~[na:na]
	at java.base/java.io.ObjectInputStream.readObject(ObjectInputStream.java:498) ~[na:na]
	at org.apache.catalina.session.StandardSession.doReadObject(StandardSession.java:1187) ~[tomcat-embed-core-11.0.21.jar:11.0.21]
	at org.apache.catalina.session.StandardSession.readObjectData(StandardSession.java:821) ~[tomcat-embed-core-11.0.21.jar:11.0.21]
	at org.apache.catalina.session.StandardManager.load(StandardManager.java:146) ~[tomcat-embed-core-11.0.21.jar:11.0.21]
	at org.apache.catalina.session.StandardManager.startInternal(StandardManager.java:255) ~[tomcat-embed-core-11.0.21.jar:11.0.21]
	at org.apache.catalina.util.LifecycleBase.start(LifecycleBase.java:164) ~[tomcat-embed-core-11.0.21.jar:11.0.21]
	at org.apache.catalina.core.StandardContext.startInternal(StandardContext.java:4443) ~[tomcat-embed-core-11.0.21.jar:11.0.21]
	at org.apache.catalina.util.LifecycleBase.start(LifecycleBase.java:164) ~[tomcat-embed-core-11.0.21.jar:11.0.21]
	at org.apache.catalina.core.ContainerBase$StartChild.call(ContainerBase.java:1162) ~[tomcat-embed-core-11.0.21.jar:11.0.21]
	at org.apache.catalina.core.ContainerBase$StartChild.call(ContainerBase.java:1158) ~[tomcat-embed-core-11.0.21.jar:11.0.21]
	at java.base/java.util.concurrent.FutureTask.run(FutureTask.java:317) ~[na:na]
	at org.apache.tomcat.util.threads.InlineExecutorService.execute(InlineExecutorService.java:81) ~[tomcat-embed-core-11.0.21.jar:11.0.21]
	at java.base/java.util.concurrent.AbstractExecutorService.submit(AbstractExecutorService.java:145) ~[na:na]
	at org.apache.catalina.core.ContainerBase.startInternal(ContainerBase.java:714) ~[tomcat-embed-core-11.0.21.jar:11.0.21]
	at org.apache.catalina.core.StandardHost.startInternal(StandardHost.java:780) ~[tomcat-embed-core-11.0.21.jar:11.0.21]
	at org.apache.catalina.util.LifecycleBase.start(LifecycleBase.java:164) ~[tomcat-embed-core-11.0.21.jar:11.0.21]
	at org.apache.catalina.core.ContainerBase$StartChild.call(ContainerBase.java:1162) ~[tomcat-embed-core-11.0.21.jar:11.0.21]
	at org.apache.catalina.core.ContainerBase$StartChild.call(ContainerBase.java:1158) ~[tomcat-embed-core-11.0.21.jar:11.0.21]
	at java.base/java.util.concurrent.FutureTask.run(FutureTask.java:317) ~[na:na]
	at org.apache.tomcat.util.threads.InlineExecutorService.execute(InlineExecutorService.java:81) ~[tomcat-embed-core-11.0.21.jar:11.0.21]
	at java.base/java.util.concurrent.AbstractExecutorService.submit(AbstractExecutorService.java:145) ~[na:na]
	at org.apache.catalina.core.ContainerBase.startInternal(ContainerBase.java:714) ~[tomcat-embed-core-11.0.21.jar:11.0.21]
	at org.apache.catalina.core.StandardEngine.startInternal(StandardEngine.java:201) ~[tomcat-embed-core-11.0.21.jar:11.0.21]
	at org.apache.catalina.util.LifecycleBase.start(LifecycleBase.java:164) ~[tomcat-embed-core-11.0.21.jar:11.0.21]
	at org.apache.catalina.core.StandardService.startInternal(StandardService.java:410) ~[tomcat-embed-core-11.0.21.jar:11.0.21]
	at org.apache.catalina.util.LifecycleBase.start(LifecycleBase.java:164) ~[tomcat-embed-core-11.0.21.jar:11.0.21]
	at org.apache.catalina.core.StandardServer.startInternal(StandardServer.java:864) ~[tomcat-embed-core-11.0.21.jar:11.0.21]
	at org.apache.catalina.util.LifecycleBase.start(LifecycleBase.java:164) ~[tomcat-embed-core-11.0.21.jar:11.0.21]
	at org.apache.catalina.startup.Tomcat.start(Tomcat.java:435) ~[tomcat-embed-core-11.0.21.jar:11.0.21]
	at org.springframework.boot.tomcat.TomcatWebServer.initialize(TomcatWebServer.java:131) ~[spring-boot-tomcat-4.0.6.jar:4.0.6]
	at org.springframework.boot.tomcat.TomcatWebServer.<init>(TomcatWebServer.java:110) ~[spring-boot-tomcat-4.0.6.jar:4.0.6]
	at org.springframework.boot.tomcat.servlet.TomcatServletWebServerFactory.getTomcatWebServer(TomcatServletWebServerFactory.java:408) ~[spring-boot-tomcat-4.0.6.jar:4.0.6]
	at org.springframework.boot.tomcat.servlet.TomcatServletWebServerFactory.getWebServer(TomcatServletWebServerFactory.java:166) ~[spring-boot-tomcat-4.0.6.jar:4.0.6]
	at org.springframework.boot.web.server.servlet.context.ServletWebServerApplicationContext.createWebServer(ServletWebServerApplicationContext.java:190) ~[spring-boot-web-server-4.0.6.jar:4.0.6]
	at org.springframework.boot.web.server.servlet.context.ServletWebServerApplicationContext.onRefresh(ServletWebServerApplicationContext.java:164) ~[spring-boot-web-server-4.0.6.jar:4.0.6]
	at org.springframework.context.support.AbstractApplicationContext.refresh(AbstractApplicationContext.java:615) ~[spring-context-7.0.7.jar:7.0.7]
	at org.springframework.boot.web.server.servlet.context.ServletWebServerApplicationContext.refresh(ServletWebServerApplicationContext.java:143) ~[spring-boot-web-server-4.0.6.jar:4.0.6]
	at org.springframework.boot.SpringApplication.refresh(SpringApplication.java:756) ~[spring-boot-4.0.6.jar:4.0.6]
	at org.springframework.boot.SpringApplication.refreshContext(SpringApplication.java:445) ~[spring-boot-4.0.6.jar:4.0.6]
	at org.springframework.boot.SpringApplication.run(SpringApplication.java:321) ~[spring-boot-4.0.6.jar:4.0.6]
	at org.springframework.boot.SpringApplication.run(SpringApplication.java:1365) ~[spring-boot-4.0.6.jar:4.0.6]
	at org.springframework.boot.SpringApplication.run(SpringApplication.java:1354) ~[spring-boot-4.0.6.jar:4.0.6]
	at com.Sistema.DeporPlaza.DeporPlazaApplication.main(DeporPlazaApplication.java:10) ~[classes/:na]
	at java.base/jdk.internal.reflect.DirectMethodHandleAccessor.invoke(DirectMethodHandleAccessor.java:103) ~[na:na]
	at java.base/java.lang.reflect.Method.invoke(Method.java:580) ~[na:na]
	at org.springframework.boot.devtools.restart.RestartLauncher.run(RestartLauncher.java:52) ~[spring-boot-devtools-4.0.6.jar:4.0.6]

2026-07-14T00:09:32.715-05:00  INFO 175360 --- [DeporPlaza] [restartedMain] org.hibernate.orm.jpa                    : HHH008540: Processing PersistenceUnitInfo [name: default]
2026-07-14T00:09:32.764-05:00  INFO 175360 --- [DeporPlaza] [restartedMain] o.s.o.j.p.SpringPersistenceUnitInfo      : No LoadTimeWeaver setup: ignoring JPA class transformer
2026-07-14T00:09:32.766-05:00  INFO 175360 --- [DeporPlaza] [restartedMain] com.zaxxer.hikari.HikariDataSource       : HikariPool-2 - Starting...
2026-07-14T00:09:32.772-05:00  INFO 175360 --- [DeporPlaza] [restartedMain] com.zaxxer.hikari.pool.HikariPool        : HikariPool-2 - Added connection com.mysql.cj.jdbc.ConnectionImpl@5a75a8be
2026-07-14T00:09:32.772-05:00  INFO 175360 --- [DeporPlaza] [restartedMain] com.zaxxer.hikari.HikariDataSource       : HikariPool-2 - Start completed.
2026-07-14T00:09:32.775-05:00  WARN 175360 --- [DeporPlaza] [restartedMain] org.hibernate.orm.core                   : HHH000511: The 5.5.5 version for [org.hibernate.dialect.MySQLDialect] is no longer supported, hence certain features may not work properly.The minimum supported version is 8.0.0. Check the community dialects project for available legacy versions.
2026-07-14T00:09:32.776-05:00  INFO 175360 --- [DeporPlaza] [restartedMain] org.hibernate.orm.connections.pooling    : HHH10001005: Database info:
	Database JDBC URL [jdbc:mysql://localhost:3306/bd_deporplaza]
	Database driver: MySQL Connector/J
	Database dialect: MySQLDialect
	Database version: 5.5.5
	Default catalog/schema: bd_deporplaza/undefined
	Autocommit mode: undefined/unknown
	Isolation level: REPEATABLE_READ [default REPEATABLE_READ]
	JDBC fetch size: none
	Pool: DataSourceConnectionProvider
	Minimum pool size: undefined/unknown
	Maximum pool size: undefined/unknown
2026-07-14T00:09:32.868-05:00  INFO 175360 --- [DeporPlaza] [restartedMain] org.hibernate.orm.core                   : HHH000489: No JTA platform available (set 'hibernate.transaction.jta.platform' to enable JTA platform integration)
2026-07-14T00:09:33.047-05:00  INFO 175360 --- [DeporPlaza] [restartedMain] j.LocalContainerEntityManagerFactoryBean : Initialized JPA EntityManagerFactory for persistence unit 'default'
2026-07-14T00:09:33.206-05:00  WARN 175360 --- [DeporPlaza] [restartedMain] JpaBaseConfiguration$JpaWebConfiguration : spring.jpa.open-in-view is enabled by default. Therefore, database queries may be performed during view rendering. Explicitly configure spring.jpa.open-in-view to disable this warning
2026-07-14T00:09:33.232-05:00  INFO 175360 --- [DeporPlaza] [restartedMain] r$InitializeUserDetailsManagerConfigurer : Global AuthenticationManager configured with UserDetailsService bean with name usuarioDetailsService
2026-07-14T00:09:33.305-05:00  INFO 175360 --- [DeporPlaza] [restartedMain] o.s.b.w.a.WelcomePageHandlerMapping      : Adding welcome page template: index
2026-07-14T00:09:33.440-05:00  INFO 175360 --- [DeporPlaza] [restartedMain] o.s.boot.tomcat.TomcatWebServer          : Tomcat started on port 8803 (http) with context path '/'
2026-07-14T00:09:33.446-05:00  INFO 175360 --- [DeporPlaza] [restartedMain] c.S.DeporPlaza.DeporPlazaApplication     : Started DeporPlazaApplication in 1.39 seconds (process running for 487.203)
2026-07-14T00:09:33.451-05:00  INFO 175360 --- [DeporPlaza] [restartedMain] .ConditionEvaluationDeltaLoggingListener : Condition evaluation unchanged
2026-07-14T00:10:27.239-05:00  INFO 175360 --- [DeporPlaza] [File Watcher] rtingClassPathChangeChangedEventListener : Restarting due to 1 class path change (0 additions, 0 deletions, 1 modification)
2026-07-14T00:10:27.240-05:00  INFO 175360 --- [DeporPlaza] [Thread-5] o.s.boot.tomcat.GracefulShutdown         : Commencing graceful shutdown. Waiting for active requests to complete
2026-07-14T00:10:27.248-05:00  INFO 175360 --- [DeporPlaza] [tomcat-shutdown] o.s.boot.tomcat.GracefulShutdown         : Graceful shutdown complete
2026-07-14T00:10:27.255-05:00  INFO 175360 --- [DeporPlaza] [Thread-5] j.LocalContainerEntityManagerFactoryBean : Closing JPA EntityManagerFactory for persistence unit 'default'
2026-07-14T00:10:27.256-05:00  INFO 175360 --- [DeporPlaza] [Thread-5] com.zaxxer.hikari.HikariDataSource       : HikariPool-2 - Shutdown initiated...
2026-07-14T00:10:27.260-05:00  INFO 175360 --- [DeporPlaza] [Thread-5] com.zaxxer.hikari.HikariDataSource       : HikariPool-2 - Shutdown completed.
2026-07-14T00:10:27.361-05:00  INFO 175360 --- [DeporPlaza] [restartedMain] c.S.DeporPlaza.DeporPlazaApplication     : Starting DeporPlazaApplication using Java 21.0.8 with PID 175360 (C:\Users\JOSE-PC\PROYECTOS SPRING\DeporPlaza V1\DeporPlaza\target\classes started by JOSE-PC in C:\Users\JOSE-PC\PROYECTOS SPRING\DeporPlaza V1\DeporPlaza)
2026-07-14T00:10:27.361-05:00 DEBUG 175360 --- [DeporPlaza] [restartedMain] c.S.DeporPlaza.DeporPlazaApplication     : Running with Spring Boot v4.0.6, Spring v7.0.7
2026-07-14T00:10:27.361-05:00  INFO 175360 --- [DeporPlaza] [restartedMain] c.S.DeporPlaza.DeporPlazaApplication     : No active profile set, falling back to 1 default profile: "default"
2026-07-14T00:10:27.561-05:00  INFO 175360 --- [DeporPlaza] [restartedMain] .s.d.r.c.RepositoryConfigurationDelegate : Bootstrapping Spring Data JPA repositories in DEFAULT mode.
2026-07-14T00:10:27.590-05:00  INFO 175360 --- [DeporPlaza] [restartedMain] .s.d.r.c.RepositoryConfigurationDelegate : Finished Spring Data repository scanning in 26 ms. Found 6 JPA repository interfaces.
2026-07-14T00:10:27.675-05:00  INFO 175360 --- [DeporPlaza] [restartedMain] o.s.boot.tomcat.TomcatWebServer          : Tomcat initialized with port 8803 (http)
2026-07-14T00:10:27.676-05:00  INFO 175360 --- [DeporPlaza] [restartedMain] o.apache.catalina.core.StandardService   : Starting service [Tomcat]
2026-07-14T00:10:27.676-05:00  INFO 175360 --- [DeporPlaza] [restartedMain] o.apache.catalina.core.StandardEngine    : Starting Servlet engine: [Apache Tomcat/11.0.21]
2026-07-14T00:10:27.699-05:00  INFO 175360 --- [DeporPlaza] [restartedMain] b.w.c.s.WebApplicationContextInitializer : Root WebApplicationContext: initialization completed in 335 ms
2026-07-14T00:10:27.736-05:00  INFO 175360 --- [DeporPlaza] [restartedMain] org.hibernate.orm.jpa                    : HHH008540: Processing PersistenceUnitInfo [name: default]
2026-07-14T00:10:27.763-05:00  INFO 175360 --- [DeporPlaza] [restartedMain] o.s.o.j.p.SpringPersistenceUnitInfo      : No LoadTimeWeaver setup: ignoring JPA class transformer
2026-07-14T00:10:27.764-05:00  INFO 175360 --- [DeporPlaza] [restartedMain] com.zaxxer.hikari.HikariDataSource       : HikariPool-3 - Starting...
2026-07-14T00:10:27.770-05:00  INFO 175360 --- [DeporPlaza] [restartedMain] com.zaxxer.hikari.pool.HikariPool        : HikariPool-3 - Added connection com.mysql.cj.jdbc.ConnectionImpl@1834164e
2026-07-14T00:10:27.770-05:00  INFO 175360 --- [DeporPlaza] [restartedMain] com.zaxxer.hikari.HikariDataSource       : HikariPool-3 - Start completed.
2026-07-14T00:10:27.773-05:00  WARN 175360 --- [DeporPlaza] [restartedMain] org.hibernate.orm.core                   : HHH000511: The 5.5.5 version for [org.hibernate.dialect.MySQLDialect] is no longer supported, hence certain features may not work properly.The minimum supported version is 8.0.0. Check the community dialects project for available legacy versions.
2026-07-14T00:10:27.774-05:00  INFO 175360 --- [DeporPlaza] [restartedMain] org.hibernate.orm.connections.pooling    : HHH10001005: Database info:
	Database JDBC URL [jdbc:mysql://localhost:3306/bd_deporplaza]
	Database driver: MySQL Connector/J
	Database dialect: MySQLDialect
	Database version: 5.5.5
	Default catalog/schema: bd_deporplaza/undefined
	Autocommit mode: undefined/unknown
	Isolation level: REPEATABLE_READ [default REPEATABLE_READ]
	JDBC fetch size: none
	Pool: DataSourceConnectionProvider
	Minimum pool size: undefined/unknown
	Maximum pool size: undefined/unknown
2026-07-14T00:10:27.857-05:00  INFO 175360 --- [DeporPlaza] [restartedMain] org.hibernate.orm.core                   : HHH000489: No JTA platform available (set 'hibernate.transaction.jta.platform' to enable JTA platform integration)
2026-07-14T00:10:28.038-05:00  INFO 175360 --- [DeporPlaza] [restartedMain] j.LocalContainerEntityManagerFactoryBean : Initialized JPA EntityManagerFactory for persistence unit 'default'
2026-07-14T00:10:28.149-05:00  WARN 175360 --- [DeporPlaza] [restartedMain] JpaBaseConfiguration$JpaWebConfiguration : spring.jpa.open-in-view is enabled by default. Therefore, database queries may be performed during view rendering. Explicitly configure spring.jpa.open-in-view to disable this warning
2026-07-14T00:10:28.170-05:00  INFO 175360 --- [DeporPlaza] [restartedMain] r$InitializeUserDetailsManagerConfigurer : Global AuthenticationManager configured with UserDetailsService bean with name usuarioDetailsService
2026-07-14T00:10:28.221-05:00  INFO 175360 --- [DeporPlaza] [restartedMain] o.s.b.w.a.WelcomePageHandlerMapping      : Adding welcome page template: index
2026-07-14T00:10:28.287-05:00  INFO 175360 --- [DeporPlaza] [restartedMain] o.s.boot.tomcat.TomcatWebServer          : Tomcat started on port 8803 (http) with context path '/'
2026-07-14T00:10:28.289-05:00  INFO 175360 --- [DeporPlaza] [restartedMain] c.S.DeporPlaza.DeporPlazaApplication     : Started DeporPlazaApplication in 0.954 seconds (process running for 542.045)
2026-07-14T00:10:28.290-05:00  INFO 175360 --- [DeporPlaza] [restartedMain] .ConditionEvaluationDeltaLoggingListener : Condition evaluation unchanged
2026-07-14T00:10:54.385-05:00  INFO 175360 --- [DeporPlaza] [File Watcher] rtingClassPathChangeChangedEventListener : Restarting due to 1 class path change (0 additions, 0 deletions, 1 modification)
2026-07-14T00:10:54.387-05:00  INFO 175360 --- [DeporPlaza] [Thread-9] o.s.boot.tomcat.GracefulShutdown         : Commencing graceful shutdown. Waiting for active requests to complete
2026-07-14T00:10:54.393-05:00  INFO 175360 --- [DeporPlaza] [tomcat-shutdown] o.s.boot.tomcat.GracefulShutdown         : Graceful shutdown complete
2026-07-14T00:10:54.396-05:00  INFO 175360 --- [DeporPlaza] [Thread-9] j.LocalContainerEntityManagerFactoryBean : Closing JPA EntityManagerFactory for persistence unit 'default'
2026-07-14T00:10:54.397-05:00  INFO 175360 --- [DeporPlaza] [Thread-9] com.zaxxer.hikari.HikariDataSource       : HikariPool-3 - Shutdown initiated...
2026-07-14T00:10:54.401-05:00  INFO 175360 --- [DeporPlaza] [Thread-9] com.zaxxer.hikari.HikariDataSource       : HikariPool-3 - Shutdown completed.
2026-07-14T00:10:54.500-05:00  INFO 175360 --- [DeporPlaza] [restartedMain] c.S.DeporPlaza.DeporPlazaApplication     : Starting DeporPlazaApplication using Java 21.0.8 with PID 175360 (C:\Users\JOSE-PC\PROYECTOS SPRING\DeporPlaza V1\DeporPlaza\target\classes started by JOSE-PC in C:\Users\JOSE-PC\PROYECTOS SPRING\DeporPlaza V1\DeporPlaza)
2026-07-14T00:10:54.501-05:00 DEBUG 175360 --- [DeporPlaza] [restartedMain] c.S.DeporPlaza.DeporPlazaApplication     : Running with Spring Boot v4.0.6, Spring v7.0.7
2026-07-14T00:10:54.501-05:00  INFO 175360 --- [DeporPlaza] [restartedMain] c.S.DeporPlaza.DeporPlazaApplication     : No active profile set, falling back to 1 default profile: "default"
2026-07-14T00:10:54.657-05:00  INFO 175360 --- [DeporPlaza] [restartedMain] .s.d.r.c.RepositoryConfigurationDelegate : Bootstrapping Spring Data JPA repositories in DEFAULT mode.
2026-07-14T00:10:54.703-05:00  INFO 175360 --- [DeporPlaza] [restartedMain] .s.d.r.c.RepositoryConfigurationDelegate : Finished Spring Data repository scanning in 45 ms. Found 6 JPA repository interfaces.
2026-07-14T00:10:54.790-05:00  INFO 175360 --- [DeporPlaza] [restartedMain] o.s.boot.tomcat.TomcatWebServer          : Tomcat initialized with port 8803 (http)
2026-07-14T00:10:54.790-05:00  INFO 175360 --- [DeporPlaza] [restartedMain] o.apache.catalina.core.StandardService   : Starting service [Tomcat]
2026-07-14T00:10:54.790-05:00  INFO 175360 --- [DeporPlaza] [restartedMain] o.apache.catalina.core.StandardEngine    : Starting Servlet engine: [Apache Tomcat/11.0.21]
2026-07-14T00:10:54.814-05:00  INFO 175360 --- [DeporPlaza] [restartedMain] b.w.c.s.WebApplicationContextInitializer : Root WebApplicationContext: initialization completed in 311 ms
2026-07-14T00:10:54.837-05:00  INFO 175360 --- [DeporPlaza] [restartedMain] org.hibernate.orm.jpa                    : HHH008540: Processing PersistenceUnitInfo [name: default]
2026-07-14T00:10:54.858-05:00  INFO 175360 --- [DeporPlaza] [restartedMain] o.s.o.j.p.SpringPersistenceUnitInfo      : No LoadTimeWeaver setup: ignoring JPA class transformer
2026-07-14T00:10:54.859-05:00  INFO 175360 --- [DeporPlaza] [restartedMain] com.zaxxer.hikari.HikariDataSource       : HikariPool-4 - Starting...
2026-07-14T00:10:54.863-05:00  INFO 175360 --- [DeporPlaza] [restartedMain] com.zaxxer.hikari.pool.HikariPool        : HikariPool-4 - Added connection com.mysql.cj.jdbc.ConnectionImpl@34474ee8
2026-07-14T00:10:54.863-05:00  INFO 175360 --- [DeporPlaza] [restartedMain] com.zaxxer.hikari.HikariDataSource       : HikariPool-4 - Start completed.
2026-07-14T00:10:54.864-05:00  WARN 175360 --- [DeporPlaza] [restartedMain] org.hibernate.orm.core                   : HHH000511: The 5.5.5 version for [org.hibernate.dialect.MySQLDialect] is no longer supported, hence certain features may not work properly.The minimum supported version is 8.0.0. Check the community dialects project for available legacy versions.
2026-07-14T00:10:54.865-05:00  INFO 175360 --- [DeporPlaza] [restartedMain] org.hibernate.orm.connections.pooling    : HHH10001005: Database info:
	Database JDBC URL [jdbc:mysql://localhost:3306/bd_deporplaza]
	Database driver: MySQL Connector/J
	Database dialect: MySQLDialect
	Database version: 5.5.5
	Default catalog/schema: bd_deporplaza/undefined
	Autocommit mode: undefined/unknown
	Isolation level: REPEATABLE_READ [default REPEATABLE_READ]
	JDBC fetch size: none
	Pool: DataSourceConnectionProvider
	Minimum pool size: undefined/unknown
	Maximum pool size: undefined/unknown
2026-07-14T00:10:54.976-05:00  INFO 175360 --- [DeporPlaza] [restartedMain] org.hibernate.orm.core                   : HHH000489: No JTA platform available (set 'hibernate.transaction.jta.platform' to enable JTA platform integration)
2026-07-14T00:10:55.165-05:00  INFO 175360 --- [DeporPlaza] [restartedMain] j.LocalContainerEntityManagerFactoryBean : Initialized JPA EntityManagerFactory for persistence unit 'default'
2026-07-14T00:10:55.279-05:00  WARN 175360 --- [DeporPlaza] [restartedMain] JpaBaseConfiguration$JpaWebConfiguration : spring.jpa.open-in-view is enabled by default. Therefore, database queries may be performed during view rendering. Explicitly configure spring.jpa.open-in-view to disable this warning
2026-07-14T00:10:55.302-05:00  INFO 175360 --- [DeporPlaza] [restartedMain] r$InitializeUserDetailsManagerConfigurer : Global AuthenticationManager configured with UserDetailsService bean with name usuarioDetailsService
2026-07-14T00:10:55.345-05:00  INFO 175360 --- [DeporPlaza] [restartedMain] o.s.b.w.a.WelcomePageHandlerMapping      : Adding welcome page template: index
2026-07-14T00:10:55.388-05:00  INFO 175360 --- [DeporPlaza] [restartedMain] o.s.boot.tomcat.TomcatWebServer          : Tomcat started on port 8803 (http) with context path '/'
2026-07-14T00:10:55.390-05:00  INFO 175360 --- [DeporPlaza] [restartedMain] c.S.DeporPlaza.DeporPlazaApplication     : Started DeporPlazaApplication in 0.913 seconds (process running for 569.147)
2026-07-14T00:10:55.392-05:00  INFO 175360 --- [DeporPlaza] [restartedMain] .ConditionEvaluationDeltaLoggingListener : Condition evaluation unchanged
2026-07-14T00:11:02.969-05:00  INFO 175360 --- [DeporPlaza] [File Watcher] rtingClassPathChangeChangedEventListener : Restarting due to 1 class path change (0 additions, 0 deletions, 1 modification)
2026-07-14T00:11:02.971-05:00  INFO 175360 --- [DeporPlaza] [Thread-13] o.s.boot.tomcat.GracefulShutdown         : Commencing graceful shutdown. Waiting for active requests to complete
2026-07-14T00:11:02.978-05:00  INFO 175360 --- [DeporPlaza] [tomcat-shutdown] o.s.boot.tomcat.GracefulShutdown         : Graceful shutdown complete
2026-07-14T00:11:02.980-05:00  INFO 175360 --- [DeporPlaza] [Thread-13] j.LocalContainerEntityManagerFactoryBean : Closing JPA EntityManagerFactory for persistence unit 'default'
2026-07-14T00:11:02.981-05:00  INFO 175360 --- [DeporPlaza] [Thread-13] com.zaxxer.hikari.HikariDataSource       : HikariPool-4 - Shutdown initiated...
2026-07-14T00:11:02.985-05:00  INFO 175360 --- [DeporPlaza] [Thread-13] com.zaxxer.hikari.HikariDataSource       : HikariPool-4 - Shutdown completed.
2026-07-14T00:11:03.073-05:00  INFO 175360 --- [DeporPlaza] [restartedMain] c.S.DeporPlaza.DeporPlazaApplication     : Starting DeporPlazaApplication using Java 21.0.8 with PID 175360 (C:\Users\JOSE-PC\PROYECTOS SPRING\DeporPlaza V1\DeporPlaza\target\classes started by JOSE-PC in C:\Users\JOSE-PC\PROYECTOS SPRING\DeporPlaza V1\DeporPlaza)
2026-07-14T00:11:03.074-05:00 DEBUG 175360 --- [DeporPlaza] [restartedMain] c.S.DeporPlaza.DeporPlazaApplication     : Running with Spring Boot v4.0.6, Spring v7.0.7
2026-07-14T00:11:03.074-05:00  INFO 175360 --- [DeporPlaza] [restartedMain] c.S.DeporPlaza.DeporPlazaApplication     : No active profile set, falling back to 1 default profile: "default"
2026-07-14T00:11:03.229-05:00  INFO 175360 --- [DeporPlaza] [restartedMain] .s.d.r.c.RepositoryConfigurationDelegate : Bootstrapping Spring Data JPA repositories in DEFAULT mode.
2026-07-14T00:11:03.249-05:00  INFO 175360 --- [DeporPlaza] [restartedMain] .s.d.r.c.RepositoryConfigurationDelegate : Finished Spring Data repository scanning in 19 ms. Found 6 JPA repository interfaces.
2026-07-14T00:11:03.325-05:00  INFO 175360 --- [DeporPlaza] [restartedMain] o.s.boot.tomcat.TomcatWebServer          : Tomcat initialized with port 8803 (http)
2026-07-14T00:11:03.326-05:00  INFO 175360 --- [DeporPlaza] [restartedMain] o.apache.catalina.core.StandardService   : Starting service [Tomcat]
2026-07-14T00:11:03.326-05:00  INFO 175360 --- [DeporPlaza] [restartedMain] o.apache.catalina.core.StandardEngine    : Starting Servlet engine: [Apache Tomcat/11.0.21]
2026-07-14T00:11:03.348-05:00  INFO 175360 --- [DeporPlaza] [restartedMain] b.w.c.s.WebApplicationContextInitializer : Root WebApplicationContext: initialization completed in 272 ms
2026-07-14T00:11:03.374-05:00  INFO 175360 --- [DeporPlaza] [restartedMain] org.hibernate.orm.jpa                    : HHH008540: Processing PersistenceUnitInfo [name: default]
2026-07-14T00:11:03.395-05:00  INFO 175360 --- [DeporPlaza] [restartedMain] o.s.o.j.p.SpringPersistenceUnitInfo      : No LoadTimeWeaver setup: ignoring JPA class transformer
2026-07-14T00:11:03.396-05:00  INFO 175360 --- [DeporPlaza] [restartedMain] com.zaxxer.hikari.HikariDataSource       : HikariPool-5 - Starting...
2026-07-14T00:11:03.400-05:00  INFO 175360 --- [DeporPlaza] [restartedMain] com.zaxxer.hikari.pool.HikariPool        : HikariPool-5 - Added connection com.mysql.cj.jdbc.ConnectionImpl@58f81566
2026-07-14T00:11:03.400-05:00  INFO 175360 --- [DeporPlaza] [restartedMain] com.zaxxer.hikari.HikariDataSource       : HikariPool-5 - Start completed.
2026-07-14T00:11:03.401-05:00  WARN 175360 --- [DeporPlaza] [restartedMain] org.hibernate.orm.core                   : HHH000511: The 5.5.5 version for [org.hibernate.dialect.MySQLDialect] is no longer supported, hence certain features may not work properly.The minimum supported version is 8.0.0. Check the community dialects project for available legacy versions.
2026-07-14T00:11:03.402-05:00  INFO 175360 --- [DeporPlaza] [restartedMain] org.hibernate.orm.connections.pooling    : HHH10001005: Database info:
	Database JDBC URL [jdbc:mysql://localhost:3306/bd_deporplaza]
	Database driver: MySQL Connector/J
	Database dialect: MySQLDialect
	Database version: 5.5.5
	Default catalog/schema: bd_deporplaza/undefined
	Autocommit mode: undefined/unknown
	Isolation level: REPEATABLE_READ [default REPEATABLE_READ]
	JDBC fetch size: none
	Pool: DataSourceConnectionProvider
	Minimum pool size: undefined/unknown
	Maximum pool size: undefined/unknown
2026-07-14T00:11:03.470-05:00  INFO 175360 --- [DeporPlaza] [restartedMain] org.hibernate.orm.core                   : HHH000489: No JTA platform available (set 'hibernate.transaction.jta.platform' to enable JTA platform integration)
2026-07-14T00:11:03.684-05:00  INFO 175360 --- [DeporPlaza] [restartedMain] j.LocalContainerEntityManagerFactoryBean : Initialized JPA EntityManagerFactory for persistence unit 'default'
2026-07-14T00:11:03.770-05:00  WARN 175360 --- [DeporPlaza] [restartedMain] JpaBaseConfiguration$JpaWebConfiguration : spring.jpa.open-in-view is enabled by default. Therefore, database queries may be performed during view rendering. Explicitly configure spring.jpa.open-in-view to disable this warning
2026-07-14T00:11:03.789-05:00  INFO 175360 --- [DeporPlaza] [restartedMain] r$InitializeUserDetailsManagerConfigurer : Global AuthenticationManager configured with UserDetailsService bean with name usuarioDetailsService
2026-07-14T00:11:03.830-05:00  INFO 175360 --- [DeporPlaza] [restartedMain] o.s.b.w.a.WelcomePageHandlerMapping      : Adding welcome page template: index
2026-07-14T00:11:03.892-05:00  INFO 175360 --- [DeporPlaza] [restartedMain] o.s.boot.tomcat.TomcatWebServer          : Tomcat started on port 8803 (http) with context path '/'
2026-07-14T00:11:03.895-05:00  INFO 175360 --- [DeporPlaza] [restartedMain] c.S.DeporPlaza.DeporPlazaApplication     : Started DeporPlazaApplication in 0.841 seconds (process running for 577.652)
2026-07-14T00:11:03.896-05:00  INFO 175360 --- [DeporPlaza] [restartedMain] .ConditionEvaluationDeltaLoggingListener : Condition evaluation unchanged
2026-07-14T00:15:42.126-05:00  INFO 175360 --- [DeporPlaza] [http-nio-8803-exec-1] o.a.c.c.C.[Tomcat].[localhost].[/]       : Initializing Spring DispatcherServlet 'dispatcherServlet'
2026-07-14T00:15:42.126-05:00  INFO 175360 --- [DeporPlaza] [http-nio-8803-exec-1] o.s.web.servlet.DispatcherServlet        : Initializing Servlet 'dispatcherServlet'
2026-07-14T00:15:42.128-05:00  INFO 175360 --- [DeporPlaza] [http-nio-8803-exec-1] o.s.web.servlet.DispatcherServlet        : Completed initialization in 2 ms
2026-07-14T00:43:22.738-05:00  INFO 175360 --- [DeporPlaza] [http-nio-8803-exec-4] c.S.DeporPlaza.service.UsuarioService    : Buscando usuario con ID: 19
2026-07-14T00:43:26.559-05:00  INFO 175360 --- [DeporPlaza] [http-nio-8803-exec-2] c.S.DeporPlaza.service.UsuarioService    : Buscando usuario con ID: 19
2026-07-14T00:43:26.561-05:00  INFO 175360 --- [DeporPlaza] [http-nio-8803-exec-2] c.S.DeporPlaza.service.UsuarioService    : Usuario registrado por Admin correctamente. Correo: japc2455@gmail.com
